All tables dropped and recreated successfully.
/home/eatonadmin/.local/lib/python3.10/site-packages/seleniumwire/thirdparty/mitmproxy/contrib/kaitaistruct/tls_client_hello.py:10: UserWarning: pkg_resources is deprecated as an API. See https://setuptools.pypa.io/en/latest/pkg_resources.html. The pkg_resources package is slated for removal as early as 2025-11-30. Refrain from using this package or pin to Setuptools<81.
  from pkg_resources import parse_version
getting ids
eyJhbGciOiJIUzI1NiIsInR5cCI6IkpXVCJ9.eyJ1c2VyIjoiNjRhZjE4MGY5Nzg1MmIwMDJkZTU1ZDhkIiwiYXBpU2VjcmV0IjoiMWUyMGQ4NzUtZmNhYi0wYThjLTJhNGUtN2NiNjAwZjJhMzVlIiwiYWxsb3dlZFRlbmFudHMiOlsiNjRhYzE5ZTEwZTkxNzgwMDFiYzM5YmVhIl0sInRlbmFudElkIjoiNjRhYzE5ZTEwZTkxNzgwMDFiYzM5YmVhIn0.97yCrIbmKhKWMRFDcv2oVLoew8u5BmGT3l8Gu3NeKOI
1
2
3
4
5
6
7
8
9
10
11
12
13
14
15
16
17
18
19
20
21
22
23
24
25
26
27
28
29
30
31
32
33
34
35
36
37
38
39
40
41
42
43
44
45
46
47
48
49
50
51
52
53
54
55
56
57
58
59
60
61
62
63
64
65
66
67
68
69
70
71
72
73
74
75
76
77
78
79
80
81
82
83
84
85
86
87
88
89
90
91
92
93
94
95
96
97
98
99
100
101
102
103
104
105
106
107
108
109
110
111
112
113
114
115
116
117
118
119
120
121
122
123
124
125
126
127
128
129
130
131
132
133
134
135
136
137
138
139
140
141
142
143
144
145
146
147
148
149
150
151
152
153
154
155
156
157
158
159
160
161
162
163
164
165
166
167
168
169
170
171
172
173
174
175
176
177
178
179
180
181
182
183
184
185
186
187
188
189
190
191
192
193
194
195
196
197
198
199
200
201
202
203
204
205
206
207
208
209
210
211
212
213
214
215
216
217
218
219
220
221
222
223
224
225
226
227
228
229
230
231
232
233
234
235
236
237
238
239
240
241
242
243
244
245
246
247
248
249
250
251
252
253
254
255
256
257
258
259
260
261
262
263
264
265
266
267
268
269
270
271
272
273
274
275
276
277
278
279
280
281
282
283
284
285
286
287
288
289
290
291
292
293
294
295
296
297
298
299
300
301
302
303
304
305
306
307
308
309
310
311
312
313
314
315
316
317
318
319
320
321
322
323
324
325
326
327
328
329
330
331
332
333
334
335
336
337
338
done
Traceback (most recent call last):
  File "/home/eatonadmin/swimrank/SwimRank/one_time_data_collection.py", line 9, in <module>
    get_ids()
  File "/home/eatonadmin/swimrank/SwimRank/get_ids.py", line 69, in get_ids
    dbname, port, password, host = get_credentials()
ValueError: too many values to unpack (expected 4)
/home/eatonadmin/.local/lib/python3.10/site-packages/seleniumwire/thirdparty/mitmproxy/contrib/kaitaistruct/tls_client_hello.py:10: UserWarning: pkg_resources is deprecated as an API. See https://setuptools.pypa.io/en/latest/pkg_resources.html. The pkg_resources package is slated for removal as early as 2025-11-30. Refrain from using this package or pin to Setuptools<81.
  from pkg_resources import parse_version
getting meet results
['2025-12-15', '2025-12-16', '2025-12-17', '2025-12-18', '2025-12-19', '2025-12-20', '2025-12-21']
54
Traceback (most recent call last):
  File "/home/eatonadmin/swimrank/SwimRank/weekly_data_collection.py", line 10, in <module>
    get_meet_results()
  File "/home/eatonadmin/swimrank/SwimRank/get_meet_results.py", line 284, in get_meet_results
    formatted = build_records(responses, db_columns)
  File "/home/eatonadmin/swimrank/SwimRank/get_meet_results.py", line 192, in build_records
    for ev in r["values"]:
KeyError: 'values'
NiceGUI ready to go on http://localhost:8080, and http://10.201.75.248:8080
NiceGUI ready to go on http://localhost:8080, and http://10.201.75.248:8080
No connection after 3.0 seconds
Traceback (most recent call last):
  File "/home/eatonadmin/.local/lib/python3.10/site-packages/nicegui/background_tasks.py", line 52, in _handle_task_result
    task.result()
  File "/home/eatonadmin/.local/lib/python3.10/site-packages/nicegui/page.py", line 125, in wait_for_result
    return await result
  File "/home/eatonadmin/swimrank/SwimRank/MainApp.py", line 613, in main_page
    await ui.context.client.connected()
  File "/home/eatonadmin/.local/lib/python3.10/site-packages/nicegui/client.py", line 175, in connected
    raise TimeoutError(f'No connection after {timeout} seconds')
TimeoutError: No connection after 3.0 seconds
Exception in callback <function page.__call__.<locals>.check_for_late_return_value at 0x78588b108b80>
handle: <Handle page.__call__.<locals>.check_for_late_return_value>
Traceback (most recent call last):
  File "uvloop/cbhandles.pyx", line 63, in uvloop.loop.Handle._run
  File "/home/eatonadmin/.local/lib/python3.10/site-packages/nicegui/page.py", line 107, in check_for_late_return_value
    if task.result() is not None:
TimeoutError: No connection after 3.0 seconds
http://172.190.139.8/robots.txt not found
No connection after 3.0 seconds
Traceback (most recent call last):
  File "/home/eatonadmin/.local/lib/python3.10/site-packages/nicegui/background_tasks.py", line 52, in _handle_task_result
    task.result()
  File "/home/eatonadmin/.local/lib/python3.10/site-packages/nicegui/page.py", line 125, in wait_for_result
    return await result
  File "/home/eatonadmin/swimrank/SwimRank/MainApp.py", line 613, in main_page
    await ui.context.client.connected()
  File "/home/eatonadmin/.local/lib/python3.10/site-packages/nicegui/client.py", line 175, in connected
    raise TimeoutError(f'No connection after {timeout} seconds')
TimeoutError: No connection after 3.0 seconds
Exception in callback <function page.__call__.<locals>.check_for_late_return_value at 0x78588b108b80>
handle: <Handle page.__call__.<locals>.check_for_late_return_value>
Traceback (most recent call last):
  File "uvloop/cbhandles.pyx", line 63, in uvloop.loop.Handle._run
  File "/home/eatonadmin/.local/lib/python3.10/site-packages/nicegui/page.py", line 107, in check_for_late_return_value
    if task.result() is not None:
TimeoutError: No connection after 3.0 seconds
No connection after 3.0 seconds
Traceback (most recent call last):
  File "/home/eatonadmin/.local/lib/python3.10/site-packages/nicegui/background_tasks.py", line 52, in _handle_task_result
    task.result()
  File "/home/eatonadmin/.local/lib/python3.10/site-packages/nicegui/page.py", line 125, in wait_for_result
    return await result
  File "/home/eatonadmin/swimrank/SwimRank/MainApp.py", line 613, in main_page
    await ui.context.client.connected()
  File "/home/eatonadmin/.local/lib/python3.10/site-packages/nicegui/client.py", line 175, in connected
    raise TimeoutError(f'No connection after {timeout} seconds')
TimeoutError: No connection after 3.0 seconds
Exception in callback <function page.__call__.<locals>.check_for_late_return_value at 0x78588b108b80>
handle: <Handle page.__call__.<locals>.check_for_late_return_value>
Traceback (most recent call last):
  File "uvloop/cbhandles.pyx", line 63, in uvloop.loop.Handle._run
  File "/home/eatonadmin/.local/lib/python3.10/site-packages/nicegui/page.py", line 107, in check_for_late_return_value
    if task.result() is not None:
TimeoutError: No connection after 3.0 seconds
permission denied for table 50_FR_SCY_results
Traceback (most recent call last):
  File "/home/eatonadmin/.local/lib/python3.10/site-packages/nicegui/background_tasks.py", line 52, in _handle_task_result
    task.result()
  File "/home/eatonadmin/.local/lib/python3.10/site-packages/nicegui/page.py", line 125, in wait_for_result
    return await result
  File "/home/eatonadmin/swimrank/SwimRank/MainApp.py", line 568, in graph_page
    all_event_data = await collect_all_event_data(person_key)
  File "/home/eatonadmin/swimrank/SwimRank/MainApp.py", line 257, in collect_all_event_data
    results = await asyncio.gather(*tasks)
  File "/home/eatonadmin/swimrank/SwimRank/MainApp.py", line 194, in fetch_person_event_data
    rows = await con.fetch(query)
  File "/home/eatonadmin/.local/lib/python3.10/site-packages/asyncpg/connection.py", line 690, in fetch
    return await self._execute(
  File "/home/eatonadmin/.local/lib/python3.10/site-packages/asyncpg/connection.py", line 1864, in _execute
    result, _ = await self.__execute(
  File "/home/eatonadmin/.local/lib/python3.10/site-packages/asyncpg/connection.py", line 1961, in __execute
    result, stmt = await self._do_execute(
  File "/home/eatonadmin/.local/lib/python3.10/site-packages/asyncpg/connection.py", line 2024, in _do_execute
    result = await executor(stmt, None)
  File "asyncpg/protocol/protocol.pyx", line 206, in bind_execute
asyncpg.exceptions.InsufficientPrivilegeError: permission denied for table 50_FR_SCY_results
Exception in callback <function page.__call__.<locals>.check_for_late_return_value at 0x78587da43ac0>
handle: <Handle page.__call__.<locals>.check_for_late_return_value>
Traceback (most recent call last):
  File "uvloop/cbhandles.pyx", line 63, in uvloop.loop.Handle._run
  File "/home/eatonadmin/.local/lib/python3.10/site-packages/nicegui/page.py", line 107, in check_for_late_return_value
    if task.result() is not None:
asyncpg.exceptions.InsufficientPrivilegeError: permission denied for table 50_FR_SCY_results
permission denied for table 50_FR_SCY_results
Traceback (most recent call last):
  File "/home/eatonadmin/.local/lib/python3.10/site-packages/nicegui/background_tasks.py", line 52, in _handle_task_result
    task.result()
  File "/home/eatonadmin/.local/lib/python3.10/site-packages/nicegui/page.py", line 125, in wait_for_result
    return await result
  File "/home/eatonadmin/swimrank/SwimRank/MainApp.py", line 568, in graph_page
    all_event_data = await collect_all_event_data(person_key)
  File "/home/eatonadmin/swimrank/SwimRank/MainApp.py", line 257, in collect_all_event_data
    results = await asyncio.gather(*tasks)
  File "/home/eatonadmin/swimrank/SwimRank/MainApp.py", line 194, in fetch_person_event_data
    rows = await con.fetch(query)
  File "/home/eatonadmin/.local/lib/python3.10/site-packages/asyncpg/connection.py", line 690, in fetch
    return await self._execute(
  File "/home/eatonadmin/.local/lib/python3.10/site-packages/asyncpg/connection.py", line 1864, in _execute
    result, _ = await self.__execute(
  File "/home/eatonadmin/.local/lib/python3.10/site-packages/asyncpg/connection.py", line 1961, in __execute
    result, stmt = await self._do_execute(
  File "/home/eatonadmin/.local/lib/python3.10/site-packages/asyncpg/connection.py", line 2024, in _do_execute
    result = await executor(stmt, None)
  File "asyncpg/protocol/protocol.pyx", line 206, in bind_execute
asyncpg.exceptions.InsufficientPrivilegeError: permission denied for table 50_FR_SCY_results
Exception in callback <function page.__call__.<locals>.check_for_late_return_value at 0x78587da43ac0>
handle: <Handle page.__call__.<locals>.check_for_late_return_value>
Traceback (most recent call last):
  File "uvloop/cbhandles.pyx", line 63, in uvloop.loop.Handle._run
  File "/home/eatonadmin/.local/lib/python3.10/site-packages/nicegui/page.py", line 107, in check_for_late_return_value
    if task.result() is not None:
asyncpg.exceptions.InsufficientPrivilegeError: permission denied for table 50_FR_SCY_results
permission denied for table 50_FR_SCY_results
Traceback (most recent call last):
  File "/home/eatonadmin/.local/lib/python3.10/site-packages/nicegui/background_tasks.py", line 52, in _handle_task_result
    task.result()
  File "/home/eatonadmin/.local/lib/python3.10/site-packages/nicegui/page.py", line 125, in wait_for_result
    return await result
  File "/home/eatonadmin/swimrank/SwimRank/MainApp.py", line 568, in graph_page
    all_event_data = await collect_all_event_data(person_key)
  File "/home/eatonadmin/swimrank/SwimRank/MainApp.py", line 257, in collect_all_event_data
    results = await asyncio.gather(*tasks)
  File "/home/eatonadmin/swimrank/SwimRank/MainApp.py", line 194, in fetch_person_event_data
    rows = await con.fetch(query)
  File "/home/eatonadmin/.local/lib/python3.10/site-packages/asyncpg/connection.py", line 690, in fetch
    return await self._execute(
  File "/home/eatonadmin/.local/lib/python3.10/site-packages/asyncpg/connection.py", line 1864, in _execute
    result, _ = await self.__execute(
  File "/home/eatonadmin/.local/lib/python3.10/site-packages/asyncpg/connection.py", line 1961, in __execute
    result, stmt = await self._do_execute(
  File "/home/eatonadmin/.local/lib/python3.10/site-packages/asyncpg/connection.py", line 2024, in _do_execute
    result = await executor(stmt, None)
  File "asyncpg/protocol/protocol.pyx", line 206, in bind_execute
asyncpg.exceptions.InsufficientPrivilegeError: permission denied for table 50_FR_SCY_results
Exception in callback <function page.__call__.<locals>.check_for_late_return_value at 0x78587da43ac0>
handle: <Handle page.__call__.<locals>.check_for_late_return_value>
Traceback (most recent call last):
  File "uvloop/cbhandles.pyx", line 63, in uvloop.loop.Handle._run
  File "/home/eatonadmin/.local/lib/python3.10/site-packages/nicegui/page.py", line 107, in check_for_late_return_value
    if task.result() is not None:
asyncpg.exceptions.InsufficientPrivilegeError: permission denied for table 50_FR_SCY_results
ERROR:    [Errno 98] Address already in use
