nohup: ignoring input
/home/eatonadmin/.local/lib/python3.10/site-packages/seleniumwire/thirdparty/mitmproxy/contrib/kaitaistruct/tls_client_hello.py:10: UserWarning: pkg_resources is deprecated as an API. See https://setuptools.pypa.io/en/latest/pkg_resources.html. The pkg_resources package is slated for removal as early as 2025-11-30. Refrain from using this package or pin to Setuptools<81.
  from pkg_resources import parse_version
getting id results
Generated bearer token for swimmers 0-50000
0
50
100
150
200
250
300
350
400
450
500
550
600
650
700
750
800
850
900
950
1000
1050
1100
1150
1200
1250
1300
1350
1400
1450
1500
1550
1600
1650
1700
1750
1800
1850
1900
1950
2000
2050
2100
2150
2200
2250
2300
2350
2400
2450
2500
2550
2600
2650
2700
2750
2800
2850
2900
2950
3000
3050
3100
3150
3200
3250
3300
3350
3400
3450
3500
3550
3600
3650
3700
3750
3800
3850
3900
3950
4000
4050
4100
4150
4200
4250
4300
4350
4400
4450
4500
4550
4600
4650
4700
4750
4800
4850
4900
4950
            Name  Sex  Age  ... UsasSwimTimeKey PersonKey  SwimEventKey
0  Nathalia Wyss    1   13  ...       131404777   2457868             2
1  Nathalia Wyss    1   16  ...       128719186   2457868             1
2  Nathalia Wyss    1   16  ...       106799312   2457868             1
3  Nathalia Wyss    1   13  ...       127351721   2457868            65
4  Nathalia Wyss    1   14  ...        87552111   2457868             1
5  Nathalia Wyss    1   16  ...        40484460   2457868             2
6  Nathalia Wyss    1   16  ...       145156669   2457868             1
7  Nathalia Wyss    1   16  ...        69201347   2457868             2
8  Nathalia Wyss    1   13  ...       132191869   2457868             1
9  Nathalia Wyss    1   13  ...       115729874   2457868            57

[10 rows x 19 columns]
sending batch
11.858229637145996
updating swimmerids to show if collected data already
0.5368361473083496
0
50
100
150
200
250
300
350
400
450
500
550
600
650
700
750
800
850
900
950
1000
1050
1100
1150
1200
1250
1300
1350
1400
1450
1500
1550
1600
1650
1700
1750
1800
1850
1900
1950
2000
2050
2100
2150
2200
2250
2300
2350
2400
2450
2500
2550
2600
2650
2700
2750
2800
2850
2900
2950
3000
3050
3100
3150
3200
3250
3300
3350
3400
3450
3500
3550
3600
3650
3700
3750
3800
3850
3900
3950
4000
4050
4100
4150
4200
4250
4300
4350
4400
4450
4500
4550
4600
4650
4700
4750
4800
4850
4900
4950
             Name  Sex  Age  ... UsasSwimTimeKey PersonKey  SwimEventKey
0  Anders Wallock    0   21  ...        78712109   3115122            12
1  Anders Wallock    0   20  ...        76475192   3115122             2
2  Anders Wallock    0   21  ...        99162616   3115122            11
3     Michael Hsu    0   17  ...       141786887   2327425             3
4  Anders Wallock    0   21  ...       127238296   3115122            11
5   Kenzie Schrom    1   11  ...        15857074   3151658             1
6  Anders Wallock    0   21  ...        26958556   3115122             1
7  Anders Wallock    0   21  ...        79745738   3115122            11
8   Kenzie Schrom    1   10  ...       107117421   3151658             1
9  Anders Wallock    0   20  ...       104558701   3115122             4

[10 rows x 19 columns]
sending batch
17.921272039413452
updating swimmerids to show if collected data already
1.1147046089172363
0
50
100
150
200
250
300
350
400
450
500
550
600
650
700
750
800
850
900
950
1000
1050
1100
1150
1200
1250
1300
1350
1400
1450
1500
1550
1600
1650
1700
1750
1800
1850
1900
1950
2000
2050
2100
2150
2200
2250
2300
2350
2400
2450
2500
2550
2600
2650
2700
2750
2800
2850
2900
2950
3000
3050
3100
3150
3200
3250
3300
3350
3400
3450
3500
3550
3600
3650
3700
3750
3800
3850
3900
3950
4000
4050
4100
4150
4200
4250
4300
4350
4400
4450
4500
4550
4600
4650
4700
4750
4800
4850
4900
4950
        Name  Sex  Age  ... UsasSwimTimeKey PersonKey  SwimEventKey
0  Daniel Lu    0   16  ...        98208688    371070            65
1    Ludi Yu    1   13  ...        93461323   2844363            55
2    Ludi Yu    1   12  ...        30864938   2844363             1
3    Ludi Yu    1   11  ...         7727534   2844363            11
4  Daniel Lu    0   15  ...        26068483    371070            56
5  Daniel Lu    0   16  ...       141686038    371070             2
6    Ludi Yu    1   13  ...       135403296   2844363            65
7    Ludi Yu    1   12  ...       151475564   2844363             1
8   Iris Yan    1    9  ...       139014079    816588            11
9    Ludi Yu    1   12  ...        47308189   2844363            11

[10 rows x 19 columns]
sending batch
15.164164066314697
updating swimmerids to show if collected data already
1.5039691925048828
0
50
100
150
200
250
300
350
400
450
500
550
600
650
700
750
800
850
900
950
1000
1050
1100
1150
1200
1250
1300
1350
1400
1450
1500
1550
1600
1650
1700
1750
1800
1850
1900
1950
2000
2050
2100
2150
2200
2250
2300
2350
2400
2450
2500
2550
2600
2650
2700
2750
2800
2850
2900
2950
3000
3050
3100
3150
3200
3250
3300
3350
3400
3450
3500
3550
3600
3650
3700
3750
3800
3850
3900
3950
4000
4050
4100
4150
4200
4250
4300
4350
4400
4450
4500
4550
4600
4650
4700
4750
4800
4850
4900
4950
               Name  Sex  Age  ... UsasSwimTimeKey PersonKey  SwimEventKey
0       Brett Ziser    0   13  ...       104284175   1134187             2
1      Josie Beaver    1   17  ...        79240244   2690099             1
2  Brylee Messenger    1    9  ...        41296035    421318            11
3       Brett Ziser    0   14  ...        65985220   1134187            55
4      Josie Beaver    1   17  ...        86051788   2690099             1
5       Brett Ziser    0   13  ...       153824568   1134187             2
6       Brett Ziser    0    9  ...       146834200   1134187            11
7       Brett Ziser    0   13  ...       127332041   1134187            12
8    Reagan Yourdon    1   19  ...        27657164     84965            11
9    Reagan Yourdon    1   17  ...          963673     84965             2

[10 rows x 19 columns]
sending batch
21.51398015022278
updating swimmerids to show if collected data already
1.4721529483795166
0
50
100
150
200
250
300
350
400
450
500
550
600
650
700
750
800
850
900
950
1000
1050
1100
1150
1200
1250
1300
1350
1400
1450
1500
1550
1600
1650
1700
1750
1800
1850
1900
1950
2000
2050
2100
2150
2200
2250
2300
2350
2400
2450
2500
2550
2600
2650
2700
2750
2800
2850
2900
2950
3000
3050
3100
3150
3200
3250
3300
3350
3400
3450
3500
3550
3600
3650
3700
3750
3800
3850
3900
3950
4000
4050
4100
4150
4200
4250
4300
4350
4400
4450
4500
4550
4600
4650
4700
4750
4800
4850
4900
4950
                  Name  Sex  Age  ... UsasSwimTimeKey PersonKey  SwimEventKey
0           Sam Rhodes    1   19  ...         1711790   3556118             1
1  Benjamin Baronofsky    0   12  ...        25645403    913730             1
2             Gus Bell    0   12  ...        99189427    914486            11
3           Sam Rhodes    1   18  ...       132776226   3556118            15
4         Jonas Nissan    0   11  ...       129749046    997064             1
5           Sam Rhodes    1   18  ...       133229980   3556118            15
6         Jonas Nissan    0    9  ...        10550936    997064             1
7         Jonas Nissan    0    9  ...        21228514    997064             1
8     Alejandro Acosta    0   13  ...       122333267   3378303             4
9         Jonas Nissan    0   16  ...       164895635    997064            60

[10 rows x 19 columns]
sending batch
12.446494102478027
updating swimmerids to show if collected data already
0.7451870441436768
0
50
100
150
200
250
300
350
400
450
500
550
600
650
700
750
800
850
900
950
1000
1050
1100
1150
1200
1250
1300
1350
1400
1450
1500
1550
1600
1650
1700
1750
1800
1850
1900
1950
2000
2050
2100
2150
2200
2250
2300
2350
2400
2450
2500
2550
2600
2650
2700
2750
2800
2850
2900
2950
3000
3050
3100
3150
3200
3250
3300
3350
3400
3450
3500
3550
3600
3650
3700
3750
3800
3850
3900
3950
4000
4050
4100
4150
4200
4250
4300
4350
4400
4450
4500
4550
4600
4650
4700
4750
4800
4850
4900
4950
          Name  Sex  Age  ... UsasSwimTimeKey PersonKey  SwimEventKey
0   Ethan Dale    0   20  ...        20519727    321135             3
1   Ethan Dale    0   19  ...        33476088    321135             2
2   Ethan Dale    0   21  ...        54878891    321135            30
3  Shaun Smith    0   22  ...        76765849   2118092             1
4   Eddie Good    0   16  ...        45886450    247992             3
5   Ethan Dale    0   18  ...        81353761    321135             3
6  Shaun Smith    0   21  ...        38395150   2118092             1
7   Ethan Dale    0   21  ...        81008319    321135             2
8   Ethan Dale    0   19  ...       138113492    321135             3
9   Ethan Dale    0   20  ...         7283097    321135             3

[10 rows x 19 columns]
sending batch
11.199177503585815
updating swimmerids to show if collected data already
0.6079056262969971
0
50
100
150
200
250
300
350
400
450
500
550
600
650
700
750
800
850
900
950
1000
1050
1100
1150
1200
1250
1300
1350
1400
1450
1500
1550
1600
1650
1700
1750
1800
1850
1900
1950
2000
2050
2100
2150
2200
2250
2300
2350
2400
2450
2500
2550
2600
2650
2700
2750
2800
2850
2900
2950
3000
3050
3100
3150
3200
3250
3300
3350
3400
3450
3500
3550
3600
3650
3700
3750
3800
3850
3900
3950
4000
4050
4100
4150
4200
4250
4300
4350
4400
4450
4500
4550
4600
4650
4700
4750
4800
4850
4900
4950
              Name  Sex  Age  ... UsasSwimTimeKey PersonKey  SwimEventKey
0  Alexey Pilyugin    0   19  ...       147706323   2517759            12
1  Alexey Pilyugin    0   19  ...        51533208   2517759             1
2  Alexey Pilyugin    0   19  ...        98369501   2517759            11
3  Alexey Pilyugin    0   19  ...        29945806   2517759            11
4  Alexey Pilyugin    0   19  ...        56548592   2517759            11
5  Alexey Pilyugin    0   19  ...       153579042   2517759             1
6  Alexey Pilyugin    0   19  ...       128885335   2517759             1
7  Alexey Pilyugin    0   19  ...       100105766   2517759            12
8  Alexey Pilyugin    0   19  ...         5469659   2517759            15
9  Alexey Pilyugin    0   18  ...        21350450   2517759            12

[10 rows x 19 columns]
sending batch
18.878965854644775
updating swimmerids to show if collected data already
0.9360225200653076
0
50
100
150
200
250
300
350
400
450
500
550
600
650
700
750
800
850
900
950
1000
1050
1100
1150
1200
1250
1300
1350
1400
1450
1500
1550
1600
1650
1700
1750
1800
1850
1900
1950
2000
2050
2100
2150
2200
2250
2300
2350
2400
2450
2500
2550
2600
2650
2700
2750
2800
2850
2900
2950
3000
3050
3100
3150
3200
3250
3300
3350
3400
3450
3500
3550
3600
3650
3700
3750
3800
3850
3900
3950
4000
4050
4100
4150
4200
4250
4300
4350
4400
4450
4500
4550
4600
4650
4700
4750
4800
4850
4900
4950
                Name  Sex  Age  ... UsasSwimTimeKey PersonKey  SwimEventKey
0    Jensine Bugelli    1   17  ...         1864879   3238093             1
1  Natalia Hackbarth    1   15  ...        84082753   3182405             2
2  Natalia Hackbarth    1   15  ...       110508755   3182405            11
3       Maddie Cayer    1   12  ...       128743957   3226427            11
4  Natalia Hackbarth    1   14  ...        38691530   3182405            12
5  Natalia Hackbarth    1   14  ...         1821179   3182405             2
6        Kyto Fraley    0   13  ...       137055092   3162170             2
7       Maddie Cayer    1   12  ...        93144704   3226427            70
8        Kyto Fraley    0   13  ...       148196563   3162170             3
9        Kyto Fraley    0   12  ...        23906784   3162170             3

[10 rows x 19 columns]
sending batch
7.690684080123901
updating swimmerids to show if collected data already
0.6127636432647705
0
50
100
150
200
250
300
350
400
450
500
550
600
650
700
750
800
850
900
950
1000
1050
1100
1150
1200
1250
1300
1350
1400
1450
1500
1550
1600
1650
1700
1750
1800
1850
1900
1950
2000
2050
2100
2150
2200
2250
2300
2350
2400
2450
2500
2550
2600
2650
2700
2750
2800
2850
2900
2950
3000
3050
3100
3150
3200
3250
3300
3350
3400
3450
3500
3550
3600
3650
3700
3750
3800
3850
3900
3950
4000
4050
4100
4150
4200
4250
4300
4350
4400
4450
4500
4550
4600
4650
4700
4750
4800
4850
4900
4950
          Name  Sex  Age  ... UsasSwimTimeKey PersonKey  SwimEventKey
0  Laura Payne    1   19  ...       103221444   2726986             2
1  Laura Payne    1   19  ...        53364298   2726986             1
2  Laura Payne    1   18  ...         1896960   2726986             1
3  Laura Payne    1   20  ...        12595443   2726986             1
4  Laura Payne    1   20  ...        84116737   2726986             4
5  Laura Payne    1   19  ...        33455304   2726986            30
6  Laura Payne    1   19  ...       151800493   2726986             4
7  Laura Payne    1   19  ...        20979308   2726986             4
8  Laura Payne    1   19  ...        71275037   2726986             2
9  Laura Payne    1   19  ...        29569852   2726986            29

[10 rows x 19 columns]
sending batch
18.82954168319702
updating swimmerids to show if collected data already
0.6041631698608398
0
50
100
150
200
250
300
350
400
450
500
550
600
650
700
750
800
850
900
950
1000
1050
1100
1150
1200
1250
1300
1350
1400
1450
1500
1550
1600
1650
1700
1750
1800
1850
1900
1950
2000
2050
2100
2150
2200
2250
2300
2350
2400
2450
2500
2550
2600
2650
2700
2750
2800
2850
2900
2950
3000
3050
3100
3150
3200
3250
3300
3350
3400
3450
3500
3550
3600
3650
3700
3750
3800
3850
3900
3950
4000
4050
4100
4150
4200
4250
4300
4350
4400
4450
4500
4550
4600
4650
4700
4750
4800
4850
4900
4950
                       Name  Sex  Age  ... UsasSwimTimeKey PersonKey  SwimEventKey
0  Isabella Sindel Sindelar    1   15  ...        11168138   3173263            15
1                Kyra Burns    1   13  ...        25434488    779402            11
2                Kyra Burns    1   12  ...       107098091    779402            12
3     Alexa Rincon Gallardo    1   13  ...        68890679   1484798            56
4     Alexa Rincon Gallardo    1    9  ...        54709382   1484798             2
5           Aimee Weggelaar    1   12  ...         2346259   1528203             1
6  Isabella Sindel Sindelar    1   16  ...        88772011   3173263             1
7       Mia Rincon Gallardo    1   14  ...        89468070   1484797            11
8  Isabella Sindel Sindelar    1   16  ...        29558905   3173263             1
9            Avery Rosevold    1   15  ...        30118111    779428            66

[10 rows x 19 columns]
sending batch
18.490557432174683
updating swimmerids to show if collected data already
1.3147258758544922
Generated bearer token for swimmers 50000-100000
0
50
100
150
200
250
300
350
400
450
500
550
600
650
700
750
800
850
900
950
1000
1050
1100
1150
1200
1250
1300
1350
1400
1450
1500
1550
1600
1650
1700
1750
1800
1850
1900
1950
2000
2050
2100
2150
2200
2250
2300
2350
2400
2450
2500
2550
2600
2650
2700
2750
2800
2850
2900
2950
3000
3050
3100
3150
3200
3250
3300
3350
3400
3450
3500
3550
3600
3650
3700
3750
3800
3850
3900
3950
4000
4050
4100
4150
4200
4250
4300
4350
4400
4450
4500
4550
4600
4650
4700
4750
4800
4850
4900
4950
              Name  Sex  Age  ... UsasSwimTimeKey PersonKey  SwimEventKey
0      Molly Terry    1   12  ...        66873562   1768947            11
1      Molly Terry    1   10  ...       143398685   1768947            55
2  Sarah Mandujano    1   12  ...       141281867    524803             3
3    Madelyn Terry    1   13  ...        11268664   1768948             1
4    Madelyn Terry    1   15  ...       167270277   1768948            57
5      Molly Terry    1   10  ...       135593743   1768947             1
6      Molly Terry    1   13  ...         9507015   1768947            13
7      Molly Terry    1   14  ...       157989180   1768947            60
8      Molly Terry    1   12  ...        90372499   1768947            20
9      Molly Terry    1   15  ...       167913814   1768947            55

[10 rows x 19 columns]
sending batch
14.2400541305542
updating swimmerids to show if collected data already
1.6309921741485596
0
50
100
150
200
250
300
350
400
450
500
550
600
650
700
750
800
850
900
950
1000
1050
1100
1150
1200
1250
1300
1350
1400
1450
1500
1550
1600
1650
1700
1750
1800
1850
1900
1950
2000
2050
2100
2150
2200
2250
2300
2350
2400
2450
2500
2550
2600
2650
2700
2750
2800
2850
2900
2950
3000
3050
3100
3150
3200
3250
3300
3350
3400
3450
3500
3550
3600
3650
3700
3750
3800
3850
3900
3950
4000
4050
4100
4150
4200
4250
4300
4350
4400
4450
4500
4550
4600
4650
4700
4750
4800
4850
4900
4950
              Name  Sex  Age  ... UsasSwimTimeKey PersonKey  SwimEventKey
0  Nanami Campbell    1   16  ...       122468251    754270             1
1        Nyna Hess    1   19  ...       141088239   1572095            12
2  Nanami Campbell    1   14  ...         9219630    754270             1
3        Nyna Hess    1   19  ...        71623554   1572095            12
4        Nyna Hess    1   18  ...        78014739   1572095            12
5    Grace Gabriel    1   13  ...       141425359   2912321             1
6        Zoe Owens    1   12  ...        79374280   2834452            11
7        Nyna Hess    1   18  ...        68304561   1572095            20
8    Grace Gabriel    1   11  ...        34675278   2912321            17
9    Grace Gabriel    1   13  ...        23596822   2912321            11

[10 rows x 19 columns]
sending batch
23.181761026382446
updating swimmerids to show if collected data already
1.8409111499786377
0
50
100
150
200
250
300
350
400
450
500
550
600
650
700
750
800
850
900
950
1000
1050
1100
1150
1200
1250
1300
1350
1400
1450
1500
1550
1600
1650
1700
1750
1800
1850
1900
1950
2000
2050
2100
2150
2200
2250
2300
2350
2400
2450
2500
2550
2600
2650
2700
2750
2800
2850
2900
2950
3000
3050
3100
3150
3200
3250
3300
3350
3400
3450
3500
3550
3600
3650
3700
3750
3800
3850
3900
3950
4000
4050
4100
4150
4200
4250
4300
4350
4400
4450
4500
4550
4600
4650
4700
4750
4800
4850
4900
4950
              Name  Sex  Age  ... UsasSwimTimeKey PersonKey  SwimEventKey
0    Macy Spalding    1    8  ...        89558761   1026924            11
1    Weston Patton    0   10  ...       174570867   2051418             1
2    Macy Spalding    1    8  ...        59937622   1026924            65
3    Weston Patton    0    8  ...       158816459   2051418             1
4    Macy Spalding    1    6  ...        14607286   1026924            12
5    Macy Spalding    1    8  ...          145213   1026924            55
6  Adalyn Holbrook    1   13  ...       164179519   2208781            18
7    Macy Spalding    1    8  ...        89300325   1026924            68
8     Warner Smith    0   10  ...       180951908   1126108             2
9     Warner Smith    0   10  ...       180951909   1126108             1

[10 rows x 19 columns]
sending batch
36.94793629646301
updating swimmerids to show if collected data already
0.5228266716003418
0
50
100
150
200
250
300
350
400
450
500
550
600
650
700
750
800
850
900
950
1000
1050
1100
1150
1200
1250
1300
1350
1400
1450
1500
1550
1600
1650
1700
1750
1800
1850
1900
1950
2000
2050
2100
2150
2200
2250
2300
2350
2400
2450
2500
2550
2600
2650
2700
2750
2800
2850
2900
2950
3000
3050
3100
3150
3200
3250
3300
3350
3400
3450
3500
3550
3600
3650
3700
3750
3800
3850
3900
3950
4000
4050
4100
4150
4200
4250
4300
4350
4400
4450
4500
4550
4600
4650
4700
4750
4800
4850
4900
4950
                 Name  Sex  Age  ... UsasSwimTimeKey PersonKey  SwimEventKey
0  Caroline Wenstrand    1   17  ...       151156838   3046028             1
1         Ethan Okoth    0   15  ...        67973002   1216738             2
2       George Wilson    0    8  ...       136958442   1216293             1
3     Antonio Camacho    0   11  ...         3838732   2324821            11
4            Grace Ma    1    9  ...        78312169   1216812             1
5            Gary Tse    0   17  ...        22749628   2383288            12
6       Preston Hwang    0   12  ...       136990229    921224            18
7        Shelby Smith    1   13  ...       123239689    938776             2
8           Ian Munds    0   13  ...        46966272   2387136            11
9          Joe Taegel    0   10  ...        22383953    946852             1

[10 rows x 19 columns]
sending batch
34.720733404159546
updating swimmerids to show if collected data already
1.603255033493042
0
50
100
150
200
250
300
350
400
450
500
550
600
650
700
750
800
850
900
950
1000
1050
1100
1150
1200
1250
1300
1350
1400
1450
1500
1550
1600
1650
1700
1750
1800
1850
1900
1950
2000
2050
2100
2150
2200
2250
2300
2350
2400
2450
2500
2550
2600
2650
2700
2750
2800
2850
2900
2950
3000
3050
3100
3150
3200
3250
3300
3350
3400
3450
3500
3550
3600
3650
3700
3750
3800
3850
3900
3950
4000
4050
4100
4150
4200
4250
4300
4350
4400
4450
4500
4550
4600
4650
4700
4750
4800
4850
4900
4950
                Name  Sex  Age  ... UsasSwimTimeKey PersonKey  SwimEventKey
0      Aidan Harrell    0   15  ...        43724354    170754            11
1  Kelsey Villanueva    1    9  ...         1297252   1768082            11
2    Spencer Bonjour    0   11  ...       177893982   3672667            66
3  Kelsey Villanueva    1   10  ...        38956062   1768082            55
4    Spencer Bonjour    0   11  ...       181645084   3672667            21
5   Eleanor Flannery    1   11  ...       181645817   3969071            11
6    Spencer Bonjour    0   10  ...       172329448   3672667             2
7    Spencer Bonjour    0   10  ...       172329447   3672667            17
8    Spencer Bonjour    0   10  ...       172329450   3672667            18
9    Spencer Bonjour    0   11  ...       181645913   3672667            17

[10 rows x 19 columns]
sending batch
16.740955591201782
updating swimmerids to show if collected data already
1.4665250778198242
0
50
100
150
200
250
300
350
400
450
500
550
600
650
700
750
800
850
900
950
1000
1050
1100
1150
1200
1250
1300
1350
1400
1450
1500
1550
1600
1650
1700
1750
1800
1850
1900
1950
2000
2050
2100
2150
2200
2250
2300
2350
2400
2450
2500
2550
2600
2650
2700
2750
2800
2850
2900
2950
3000
3050
3100
3150
3200
3250
3300
3350
3400
3450
3500
3550
3600
3650
3700
3750
3800
3850
3900
3950
4000
4050
4100
4150
4200
4250
4300
4350
4400
4450
4500
4550
4600
4650
4700
4750
4800
4850
4900
4950
                Name  Sex  Age  ... UsasSwimTimeKey PersonKey  SwimEventKey
0        Addie Mills    1   10  ...       121187921   3561395            11
1         Lane Evans    0   16  ...         4812475   2351717            56
2  John Stewart Hrom    0   12  ...        15193155   3548859             1
3         Lane Evans    0   17  ...        14610901   2351717            12
4         Lane Evans    0   16  ...        69551005   2351717            65
5         Lane Evans    0   16  ...        87919826   2351717            66
6         Lane Evans    0   17  ...        22757956   2351717            56
7         Lane Evans    0   16  ...       146281297   2351717            66
8         Lane Evans    0   16  ...        27799482   2351717            65
9         Lane Evans    0   17  ...       146938029   2351717            67

[10 rows x 19 columns]
sending batch
13.165025472640991
updating swimmerids to show if collected data already
1.508147954940796
0
50
100
150
200
250
300
350
400
450
500
550
600
650
700
750
800
850
900
950
1000
1050
1100
1150
1200
1250
1300
1350
1400
1450
1500
1550
1600
1650
1700
1750
1800
1850
1900
1950
2000
2050
2100
2150
2200
2250
2300
2350
2400
2450
2500
2550
2600
2650
2700
2750
2800
2850
2900
2950
3000
3050
3100
3150
3200
3250
3300
3350
3400
3450
3500
3550
3600
3650
3700
3750
3800
3850
3900
3950
4000
4050
4100
4150
4200
4250
4300
4350
4400
4450
4500
4550
4600
4650
4700
4750
4800
4850
4900
4950
                Name  Sex  Age  ... UsasSwimTimeKey PersonKey  SwimEventKey
0       Kaylee Walsh    1   19  ...       145901059   3010120            15
1            Max Niu    0   10  ...       142304805    842514            11
2  Veronica Sowinski    1   18  ...        29316221    779003            15
3         Lia Vendel    1   13  ...       142374173   3174484             1
4        Logan Lalli    0   12  ...       136732635    842402            11
5  Veronica Sowinski    1   18  ...        36921517    779003             1
6      Arianna Lalli    1   11  ...       131369329    842401             1
7    Matthew Van Lew    0   17  ...       150509261   3224938             2
8  Veronica Sowinski    1   18  ...        98432482    779003            20
9  Veronica Sowinski    1   18  ...        33068535    779003             2

[10 rows x 19 columns]
sending batch
41.12971329689026
updating swimmerids to show if collected data already
0.5947673320770264
0
50
100
150
200
250
300
350
400
450
500
550
600
650
700
750
800
850
900
950
1000
1050
1100
1150
1200
1250
1300
1350
1400
1450
1500
1550
1600
1650
1700
1750
1800
1850
1900
1950
2000
2050
2100
2150
2200
2250
2300
2350
2400
2450
2500
2550
2600
2650
2700
2750
2800
2850
2900
2950
3000
3050
3100
3150
3200
3250
3300
3350
3400
3450
3500
3550
3600
3650
3700
3750
3800
3850
3900
3950
4000
4050
4100
4150
4200
4250
4300
4350
4400
4450
4500
4550
4600
4650
4700
4750
4800
4850
4900
4950
              Name  Sex  Age  ... UsasSwimTimeKey PersonKey  SwimEventKey
0   Sophie Welborn    1   16  ...       100652361    780292            56
1      Caleb Simon    0   10  ...       126123668    806088            65
2      Caleb Simon    0   10  ...        55252252    806088            56
3     Isobel Irvin    1   13  ...        44238685    842142            12
4    Hunter Kepley    0   16  ...       137069099   2716344             2
5      Caleb Simon    0   10  ...        18627549    806088            68
6      Caleb Simon    0   10  ...         6758760    806088            55
7  Parker Gaillard    0   13  ...        37182949    841820             2
8    Arthur Bender    0   10  ...         5467180    826555             1
9  Parker Gaillard    0   13  ...       134390923    841820             1

[10 rows x 19 columns]
sending batch
34.67424654960632
updating swimmerids to show if collected data already
0.6076440811157227
0
50
100
150
200
250
300
350
400
450
500
550
600
650
700
750
800
850
900
950
1000
1050
1100
1150
1200
1250
1300
1350
1400
1450
1500
1550
1600
1650
1700
1750
1800
1850
1900
1950
2000
2050
2100
2150
2200
2250
2300
2350
2400
2450
2500
2550
2600
2650
2700
2750
2800
2850
2900
2950
3000
3050
3100
3150
3200
3250
3300
3350
3400
3450
3500
3550
3600
3650
3700
3750
3800
3850
3900
3950
4000
4050
4100
4150
4200
4250
4300
4350
4400
4450
4500
4550
4600
4650
4700
4750
4800
4850
4900
4950
Traceback (most recent call last):
  File "/home/eatonadmin/swimrank/SwimRank/one_time_data_collection.py", line 14, in <module>
    get_id_results()
  File "/home/eatonadmin/swimrank/SwimRank/get_id_results.py", line 240, in get_id_results
    loop.run_until_complete(run_all_requests())
  File "/usr/lib/python3.10/asyncio/base_events.py", line 649, in run_until_complete
    return future.result()
  File "/home/eatonadmin/swimrank/SwimRank/get_id_results.py", line 214, in run_all_requests
    formatted = build_records(responses, [
  File "/home/eatonadmin/swimrank/SwimRank/get_id_results.py", line 141, in build_records
    for ev in r["values"]:
KeyError: 'values'
